#
# There is insufficient memory for the Java Runtime Environment to continue.
# Native memory allocation (malloc) failed to allocate 1048576 bytes. Error detail: AllocateHeap
# Possible reasons:
#   The system is out of physical RAM or swap space
#   This process is running with CompressedOops enabled, and the Java Heap may be blocking the growth of the native heap
# Possible solutions:
#   Reduce memory load on the system
#   Increase physical memory or swap space
#   Check if swap backing store is full
#   Decrease Java heap size (-Xmx/-Xms)
#   Decrease number of Java threads
#   Decrease Java thread stack sizes (-Xss)
#   Set larger code cache with -XX:ReservedCodeCacheSize=
#   JVM is running with Unscaled Compressed Oops mode in which the Java heap is
#     placed in the first 4GB address space. The Java Heap base address is the
#     maximum limit for the native heap growth. Please use -XX:HeapBaseMinAddress
#     to set the Java Heap base and to place the Java Heap above 4GB virtual address.
# This output file may be truncated or incomplete.
#
#  Out of Memory Error (allocation.cpp:44), pid=4020, tid=3868
#
# JRE version: OpenJDK Runtime Environment Temurin-21.0.10+7 (21.0.10+7) (build 21.0.10+7-LTS)
# Java VM: OpenJDK 64-Bit Server VM Temurin-21.0.10+7 (21.0.10+7-LTS, mixed mode, sharing, tiered, compressed oops, compressed class ptrs, parallel gc, windows-amd64)
# No core dump will be written. Minidumps are not enabled by default on client versions of Windows
#

---------------  S U M M A R Y ------------

Command Line: --add-modules=ALL-SYSTEM --add-opens=java.base/java.util=ALL-UNNAMED --add-opens=java.base/java.lang=ALL-UNNAMED --add-opens=java.base/sun.nio.fs=ALL-UNNAMED -Declipse.application=org.eclipse.jdt.ls.core.id1 -Dosgi.bundles.defaultStartLevel=4 -Declipse.product=org.eclipse.jdt.ls.core.product -Djava.import.generatesMetadataFilesAtProjectRoot=false -DDetectVMInstallationsJob.disabled=true -Dfile.encoding=utf8 -XX:+UseParallelGC -XX:GCTimeRatio=4 -XX:AdaptiveSizePolicyWeight=90 -Dsun.zip.disableMemoryMapping=true -Xmx2G -Xms100m -Xlog:disable -javaagent:c:\Users\hp\.antigravity\extensions\redhat.java-1.53.0-win32-x64\lombok\lombok-1.18.39-4050.jar -XX:+HeapDumpOnOutOfMemoryError -XX:HeapDumpPath=c:\Users\hp\AppData\Roaming\Antigravity\User\workspaceStorage\82880912f25d1fef4597118d04f83376\redhat.java -Daether.dependencyCollector.impl=bf c:\Users\hp\.antigravity\extensions\redhat.java-1.53.0-win32-x64\server\plugins\org.eclipse.equinox.launcher_1.7.100.v20251111-0406.jar -configuration c:\Users\hp\AppData\Roaming\Antigravity\User\globalStorage\redhat.java\1.53.0\config_win -data c:\Users\hp\AppData\Roaming\Antigravity\User\workspaceStorage\82880912f25d1fef4597118d04f83376\redhat.java\jdt_ws --pipe=\\.\pipe\lsp-706534518e20aabfe3eac03233161767-sock

Host: 11th Gen Intel(R) Core(TM) i5-1155G7 @ 2.50GHz, 8 cores, 7G,  Windows 11 , 64 bit Build 26100 (10.0.26100.7920)
Time: Tue Mar 31 18:39:31 2026 India Standard Time elapsed time: 5025.881326 seconds (0d 1h 23m 45s)

---------------  T H R E A D  ---------------

Current thread (0x00000226ab27a260):  JavaThread "Attach Listener" daemon [_thread_in_vm, id=3868, stack(0x000000748a400000,0x000000748a500000) (1024K)]

Stack: [0x000000748a400000,0x000000748a500000]
Native frames: (J=compiled Java code, j=interpreted, Vv=VM code, C=native code)
V  [jvm.dll+0x6d7a39]
V  [jvm.dll+0x8b4b26]
V  [jvm.dll+0x8b70de]
V  [jvm.dll+0x8b77c3]
V  [jvm.dll+0x284346]
V  [jvm.dll+0xc1277]
V  [jvm.dll+0x6d82e9]
V  [jvm.dll+0x1334a6]
V  [jvm.dll+0x3f857e]
V  [jvm.dll+0x85f59d]
V  [jvm.dll+0x6d626d]
C  [ucrtbase.dll+0x37b0]
C  [KERNEL32.DLL+0x2e8d7]
C  [ntdll.dll+0x8c48c]


---------------  P R O C E S S  ---------------

Threads class SMR info:
_java_thread_list=0x000002270abaef70, length=35, elements={
0x00000226ab2fb820, 0x00000226ab3ba030, 0x00000226ab3bd3d0, 0x00000226ab279600,
0x00000226ab27a260, 0x00000226ab285520, 0x00000226ab285f80, 0x00000226ab288dd0,
0x00000226ab29f180, 0x000002270472b6b0, 0x000002270486e130, 0x000002270916a6f0,
0x00000227096b7c80, 0x00000227098b7760, 0x00000227098b81a0, 0x0000022709ac1f30,
0x00000227097f88c0, 0x00000227091bb110, 0x00000227091b9040, 0x00000227091ba3f0,
0x00000227091b8320, 0x00000227091b89b0, 0x00000227099a8370, 0x00000227099a9720,
0x00000227099a6fc0, 0x00000227099a9db0, 0x00000227099a7650, 0x00000227099aaad0,
0x00000227099aa440, 0x00000227099a9090, 0x00000227099ab160, 0x00000227099a7ce0,
0x00000227099ab7f0, 0x00000227099abe80, 0x0000022709aec460
}

Java Threads: ( => current thread )
  0x00000226ab2fb820 JavaThread "main"                              [_thread_blocked, id=22072, stack(0x0000007489d00000,0x0000007489e00000) (1024K)]
  0x00000226ab3ba030 JavaThread "Reference Handler"          daemon [_thread_blocked, id=5264, stack(0x000000748a100000,0x000000748a200000) (1024K)]
  0x00000226ab3bd3d0 JavaThread "Finalizer"                  daemon [_thread_blocked, id=10336, stack(0x000000748a200000,0x000000748a300000) (1024K)]
  0x00000226ab279600 JavaThread "Signal Dispatcher"          daemon [_thread_blocked, id=18716, stack(0x000000748a300000,0x000000748a400000) (1024K)]
=>0x00000226ab27a260 JavaThread "Attach Listener"            daemon [_thread_in_vm, id=3868, stack(0x000000748a400000,0x000000748a500000) (1024K)]
  0x00000226ab285520 JavaThread "Service Thread"             daemon [_thread_blocked, id=20104, stack(0x000000748a500000,0x000000748a600000) (1024K)]
  0x00000226ab285f80 JavaThread "Monitor Deflation Thread"   daemon [_thread_blocked, id=16592, stack(0x000000748a600000,0x000000748a700000) (1024K)]
  0x00000226ab288dd0 JavaThread "C2 CompilerThread0"         daemon [_thread_blocked, id=8468, stack(0x000000748a700000,0x000000748a800000) (1024K)]
  0x00000226ab29f180 JavaThread "C1 CompilerThread0"         daemon [_thread_blocked, id=7236, stack(0x000000748a800000,0x000000748a900000) (1024K)]
  0x000002270472b6b0 JavaThread "Common-Cleaner"             daemon [_thread_blocked, id=26132, stack(0x000000748aa00000,0x000000748ab00000) (1024K)]
  0x000002270486e130 JavaThread "Notification Thread"        daemon [_thread_blocked, id=3684, stack(0x000000748a900000,0x000000748aa00000) (1024K)]
  0x000002270916a6f0 JavaThread "Active Thread: Equinox Container: dbdc33a2-d02a-40cd-a9c4-811bf73c75aa"        [_thread_blocked, id=18612, stack(0x000000748ab00000,0x000000748ac00000) (1024K)]
  0x00000227096b7c80 JavaThread "Refresh Thread: Equinox Container: dbdc33a2-d02a-40cd-a9c4-811bf73c75aa" daemon [_thread_blocked, id=9336, stack(0x000000748b400000,0x000000748b500000) (1024K)]
  0x00000227098b7760 JavaThread "Framework Event Dispatcher: Equinox Container: dbdc33a2-d02a-40cd-a9c4-811bf73c75aa" daemon [_thread_blocked, id=19164, stack(0x000000748b500000,0x000000748b600000) (1024K)]
  0x00000227098b81a0 JavaThread "Start Level: Equinox Container: dbdc33a2-d02a-40cd-a9c4-811bf73c75aa" daemon [_thread_blocked, id=3244, stack(0x000000748b600000,0x000000748b700000) (1024K)]
  0x0000022709ac1f30 JavaThread "Bundle File Closer"         daemon [_thread_blocked, id=16900, stack(0x000000748b200000,0x000000748b300000) (1024K)]
  0x00000227097f88c0 JavaThread "SCR Component Actor"        daemon [_thread_blocked, id=18204, stack(0x000000748b700000,0x000000748b800000) (1024K)]
  0x00000227091bb110 JavaThread "Worker-JM"                         [_thread_blocked, id=25900, stack(0x000000748b800000,0x000000748b900000) (1024K)]
  0x00000227091b9040 JavaThread "JNA Cleaner"                daemon [_thread_blocked, id=16856, stack(0x000000748b900000,0x000000748ba00000) (1024K)]
  0x00000227091ba3f0 JavaThread "Worker-1"                          [_thread_blocked, id=24740, stack(0x000000748bb00000,0x000000748bc00000) (1024K)]
  0x00000227091b8320 JavaThread "Worker-2"                          [_thread_blocked, id=11008, stack(0x000000748bc00000,0x000000748bd00000) (1024K)]
  0x00000227091b89b0 JavaThread "Java indexing"              daemon [_thread_blocked, id=10840, stack(0x000000748be00000,0x000000748bf00000) (1024K)]
  0x00000227099a8370 JavaThread "Thread-1"                   daemon [_thread_in_native, id=19588, stack(0x000000748c300000,0x000000748c400000) (1024K)]
  0x00000227099a9720 JavaThread "Thread-2"                   daemon [_thread_in_native, id=7516, stack(0x000000748c400000,0x000000748c500000) (1024K)]
  0x00000227099a6fc0 JavaThread "Thread-3"                   daemon [_thread_in_native, id=8740, stack(0x000000748c500000,0x000000748c600000) (1024K)]
  0x00000227099a9db0 JavaThread "Thread-4"                   daemon [_thread_in_native, id=9244, stack(0x000000748c600000,0x000000748c700000) (1024K)]
  0x00000227099a7650 JavaThread "Thread-5"                   daemon [_thread_in_native, id=21712, stack(0x000000748c700000,0x000000748c800000) (1024K)]
  0x00000227099aaad0 JavaThread "Thread-6"                   daemon [_thread_in_native, id=7508, stack(0x000000748c800000,0x000000748c900000) (1024K)]
  0x00000227099aa440 JavaThread "Thread-7"                   daemon [_thread_in_native, id=24756, stack(0x000000748c900000,0x000000748ca00000) (1024K)]
  0x00000227099a9090 JavaThread "Thread-8"                   daemon [_thread_in_native, id=7172, stack(0x000000748ca00000,0x000000748cb00000) (1024K)]
  0x00000227099ab160 JavaThread "Thread-9"                   daemon [_thread_in_native, id=25304, stack(0x000000748cb00000,0x000000748cc00000) (1024K)]
  0x00000227099a7ce0 JavaThread "pool-2-thread-1"                   [_thread_blocked, id=7100, stack(0x000000748cc00000,0x000000748cd00000) (1024K)]
  0x00000227099ab7f0 JavaThread "WorkspaceEventsHandler"            [_thread_blocked, id=25704, stack(0x000000748cd00000,0x000000748ce00000) (1024K)]
  0x00000227099abe80 JavaThread "pool-1-thread-1"                   [_thread_blocked, id=23860, stack(0x000000748ce00000,0x000000748cf00000) (1024K)]
  0x0000022709aec460 JavaThread "Cleaner-0"                  daemon [_thread_blocked, id=24012, stack(0x0000007489b00000,0x0000007489c00000) (1024K)]
Total: 35

Other Threads:
  0x00000226ab2714a0 VMThread "VM Thread"                           [id=2784, stack(0x000000748a000000,0x000000748a100000) (1024K)]
  0x00000226ab18c950 WatcherThread "VM Periodic Task Thread"        [id=17544, stack(0x0000007489f00000,0x000000748a000000) (1024K)]
  0x00000226ab31acb0 WorkerThread "GC Thread#0"                     [id=7540, stack(0x0000007489e00000,0x0000007489f00000) (1024K)]
  0x00000227093c74e0 WorkerThread "GC Thread#1"                     [id=21552, stack(0x000000748ac00000,0x000000748ad00000) (1024K)]
  0x00000227092d1830 WorkerThread "GC Thread#2"                     [id=25476, stack(0x000000748ad00000,0x000000748ae00000) (1024K)]
  0x00000227093c7890 WorkerThread "GC Thread#3"                     [id=12168, stack(0x000000748ae00000,0x000000748af00000) (1024K)]
  0x00000227093c7c40 WorkerThread "GC Thread#4"                     [id=2988, stack(0x000000748af00000,0x000000748b000000) (1024K)]
  0x0000022704893dd0 WorkerThread "GC Thread#5"                     [id=24108, stack(0x000000748b000000,0x000000748b100000) (1024K)]
  0x0000022704894180 WorkerThread "GC Thread#6"                     [id=21836, stack(0x000000748b100000,0x000000748b200000) (1024K)]
  0x00000227090e0ea0 WorkerThread "GC Thread#7"                     [id=26176, stack(0x000000748b300000,0x000000748b400000) (1024K)]
Total: 10

Threads with active compile tasks:
Total: 0

VM state: not at safepoint (normal execution)

VM Mutex/Monitor currently owned by a thread: None

Heap address: 0x0000000080000000, size: 2048 MB, Compressed Oops mode: 32-bit

CDS archive(s) mapped at: [0x00000226c2000000-0x00000226c2ba0000-0x00000226c2ba0000), size 12189696, SharedBaseAddress: 0x00000226c2000000, ArchiveRelocationMode: 1.
Compressed class space mapped at: 0x00000226c3000000-0x0000022703000000, reserved size: 1073741824
Narrow klass base: 0x00000226c2000000, Narrow klass shift: 0, Narrow klass range: 0x100000000

GC Precious Log:
 CardTable entry size: 512
 CPUs: 8 total, 8 available
 Memory: 7835M
 Large Page Support: Disabled
 NUMA Support: Disabled
 Compressed Oops: Enabled (32-bit)
 Alignments: Space 512K, Generation 512K, Heap 2M
 Heap Min Capacity: 100M
 Heap Initial Capacity: 100M
 Heap Max Capacity: 2G
 Pre-touch: Disabled
 Parallel Workers: 8

Heap:
 PSYoungGen      total 10240K, used 7985K [0x00000000d5580000, 0x00000000d6100000, 0x0000000100000000)
  eden space 8704K, 88% used [0x00000000d5580000,0x00000000d5d04490,0x00000000d5e00000)
  from space 1536K, 18% used [0x00000000d5e00000,0x00000000d5e48000,0x00000000d5f80000)
  to   space 1024K, 0% used [0x00000000d6000000,0x00000000d6000000,0x00000000d6100000)
 ParOldGen       total 102400K, used 102303K [0x0000000080000000, 0x0000000086400000, 0x00000000d5580000)
  object space 102400K, 99% used [0x0000000080000000,0x00000000863e7de8,0x0000000086400000)
 Metaspace       used 73561K, committed 75264K, reserved 1179648K
  class space    used 7682K, committed 8448K, reserved 1048576K

Card table byte_map: [0x00000226aaca0000,0x00000226ab0b0000] _byte_map_base: 0x00000226aa8a0000

Marking Bits: (ParMarkBitMap*) 0x00007ffb3c4d3450
 Begin Bits: [0x00000226bd7b0000, 0x00000226bf7b0000)
 End Bits:   [0x00000226bf7b0000, 0x00000226c17b0000)

Polling page: 0x00000226a9110000

Metaspace:

Usage:
  Non-class:     64.34 MB used.
      Class:      7.50 MB used.
       Both:     71.84 MB used.

Virtual space:
  Non-class space:      128.00 MB reserved,      65.25 MB ( 51%) committed,  2 nodes.
      Class space:        1.00 GB reserved,       8.25 MB ( <1%) committed,  1 nodes.
             Both:        1.12 GB reserved,      73.50 MB (  6%) committed. 

Chunk freelists:
   Non-Class:  14.16 MB
       Class:  7.71 MB
        Both:  21.87 MB

MaxMetaspaceSize: unlimited
CompressedClassSpaceSize: 1.00 GB
Initial GC threshold: 21.00 MB
Current GC threshold: 97.31 MB
CDS: on
 - commit_granule_bytes: 65536.
 - commit_granule_words: 8192.
 - virtual_space_node_default_size: 8388608.
 - enlarge_chunks_in_place: 1.
 - use_allocation_guard: 0.


Internal statistics:

num_allocs_failed_limit: 11.
num_arena_births: 1450.
num_arena_deaths: 16.
num_vsnodes_births: 3.
num_vsnodes_deaths: 0.
num_space_committed: 1176.
num_space_uncommitted: 0.
num_chunks_returned_to_freelist: 27.
num_chunks_taken_from_freelist: 5122.
num_chunk_merges: 14.
num_chunk_splits: 3094.
num_chunks_enlarged: 1673.
num_inconsistent_stats: 0.

CodeHeap 'non-profiled nmethods': size=120000Kb used=10781Kb max_used=10781Kb free=109218Kb
 bounds [0x00000226b5fd0000, 0x00000226b6a60000, 0x00000226bd500000]
CodeHeap 'profiled nmethods': size=120000Kb used=32495Kb max_used=32495Kb free=87504Kb
 bounds [0x00000226ae500000, 0x00000226b04c0000, 0x00000226b5a30000]
CodeHeap 'non-nmethods': size=5760Kb used=1479Kb max_used=1543Kb free=4280Kb
 bounds [0x00000226b5a30000, 0x00000226b5ca0000, 0x00000226b5fd0000]
CodeCache: size=245760Kb, used=44755Kb, max_used=44819Kb, free=201002Kb
 total_blobs=14166, nmethods=13378, adapters=692, full_count=0
Compilation: enabled, stopped_count=0, restarted_count=0

Compilation events (20 events):
Event: 4313.642 Thread 0x00000226ab29f180 nmethod 14217 0x00000226b6a56010 code [0x00000226b6a561a0, 0x00000226b6a56268]
Event: 4313.642 Thread 0x00000226ab29f180 14218       1       org.eclipse.jdt.ls.core.internal.handlers.CodeActionHandler$CodeActionData::getProposal (5 bytes)
Event: 4313.642 Thread 0x00000226ab29f180 nmethod 14218 0x00000226b6a56310 code [0x00000226b6a564a0, 0x00000226b6a56568]
Event: 4313.642 Thread 0x00000226ab29f180 14211       1       org.eclipse.lsp4j.CodeActionContext::getOnly (5 bytes)
Event: 4313.645 Thread 0x00000226ab29f180 nmethod 14211 0x00000226b6a56610 code [0x00000226b6a567a0, 0x00000226b6a56868]
Event: 4313.645 Thread 0x00000226ab29f180 14212       1       org.eclipse.lsp4j.CodeAction::setKind (6 bytes)
Event: 4313.645 Thread 0x00000226ab29f180 nmethod 14212 0x00000226b6a56910 code [0x00000226b6a56aa0, 0x00000226b6a56b80]
Event: 4313.645 Thread 0x00000226ab29f180 14213       1       org.eclipse.lsp4j.CodeAction::setDiagnostics (6 bytes)
Event: 4313.645 Thread 0x00000226ab29f180 nmethod 14213 0x00000226b6a56c10 code [0x00000226b6a56da0, 0x00000226b6a56e80]
Event: 4313.674 Thread 0x00000226ab288dd0 nmethod 14215 0x00000226b6a56f10 code [0x00000226b6a570c0, 0x00000226b6a571d8]
Event: 4325.540 Thread 0x00000226ab29f180 14219       3       java.util.concurrent.locks.AbstractQueuedSynchronizer$ConditionObject::await (202 bytes)
Event: 4325.560 Thread 0x00000226ab29f180 nmethod 14219 0x00000226b04b9310 code [0x00000226b04b9600, 0x00000226b04ba430]
Event: 4377.505 Thread 0x00000226ab29f180 14220       3       java.lang.ref.ReferenceQueue::await (15 bytes)
Event: 4377.530 Thread 0x00000226ab29f180 nmethod 14220 0x00000226b04baa10 code [0x00000226b04babc0, 0x00000226b04bad60]
Event: 4497.598 Thread 0x00000226ab29f180 14221       1       com.sun.jna.internal.Cleaner::access$200 (5 bytes)
Event: 4497.607 Thread 0x00000226ab29f180 nmethod 14221 0x00000226b6a57310 code [0x00000226b6a574a0, 0x00000226b6a57550]
Event: 4498.081 Thread 0x00000226ab29f180 14222       3       org.eclipse.jdt.ls.core.internal.ParentProcessWatcher::parentProcessStillRunning (62 bytes)
Event: 4498.114 Thread 0x00000226ab29f180 nmethod 14222 0x00000226b04bae90 code [0x00000226b04bb0c0, 0x00000226b04bb7a8]
Event: 4813.051 Thread 0x00000226ab29f180 14223       3       org.eclipse.core.runtime.jobs.Job::getRule (5 bytes)
Event: 4813.073 Thread 0x00000226ab29f180 nmethod 14223 0x00000226b04bba10 code [0x00000226b04bbba0, 0x00000226b04bbcc0]

GC Heap History (20 events):
Event: 197.480 GC heap before
{Heap before GC invocations=77 (full 3):
 PSYoungGen      total 14336K, used 14322K [0x00000000d5580000, 0x00000000d6880000, 0x0000000100000000)
  eden space 11264K, 100% used [0x00000000d5580000,0x00000000d6080000,0x00000000d6080000)
  from space 3072K, 99% used [0x00000000d6080000,0x00000000d637c9c8,0x00000000d6380000)
  to   space 4096K, 0% used [0x00000000d6480000,0x00000000d6480000,0x00000000d6880000)
 ParOldGen       total 92160K, used 92030K [0x0000000080000000, 0x0000000085a00000, 0x00000000d5580000)
  object space 92160K, 99% used [0x0000000080000000,0x00000000859df908,0x0000000085a00000)
 Metaspace       used 70839K, committed 72512K, reserved 1114112K
  class space    used 7378K, committed 8128K, reserved 1048576K
}
Event: 197.483 GC heap after
{Heap after GC invocations=77 (full 3):
 PSYoungGen      total 11776K, used 409K [0x00000000d5580000, 0x00000000d6500000, 0x0000000100000000)
  eden space 11264K, 0% used [0x00000000d5580000,0x00000000d5580000,0x00000000d6080000)
  from space 512K, 79% used [0x00000000d6480000,0x00000000d64e65d8,0x00000000d6500000)
  to   space 2048K, 0% used [0x00000000d6100000,0x00000000d6100000,0x00000000d6300000)
 ParOldGen       total 92672K, used 92318K [0x0000000080000000, 0x0000000085a80000, 0x00000000d5580000)
  object space 92672K, 99% used [0x0000000080000000,0x0000000085a27908,0x0000000085a80000)
 Metaspace       used 70839K, committed 72512K, reserved 1114112K
  class space    used 7378K, committed 8128K, reserved 1048576K
}
Event: 197.609 GC heap before
{Heap before GC invocations=78 (full 3):
 PSYoungGen      total 11776K, used 11673K [0x00000000d5580000, 0x00000000d6500000, 0x0000000100000000)
  eden space 11264K, 100% used [0x00000000d5580000,0x00000000d6080000,0x00000000d6080000)
  from space 512K, 79% used [0x00000000d6480000,0x00000000d64e65d8,0x00000000d6500000)
  to   space 2048K, 0% used [0x00000000d6100000,0x00000000d6100000,0x00000000d6300000)
 ParOldGen       total 92672K, used 92318K [0x0000000080000000, 0x0000000085a80000, 0x00000000d5580000)
  object space 92672K, 99% used [0x0000000080000000,0x0000000085a27908,0x0000000085a80000)
 Metaspace       used 71624K, committed 73216K, reserved 1179648K
  class space    used 7465K, committed 8192K, reserved 1048576K
}
Event: 197.611 GC heap after
{Heap after GC invocations=78 (full 3):
 PSYoungGen      total 13312K, used 1289K [0x00000000d5580000, 0x00000000d6500000, 0x0000000100000000)
  eden space 11264K, 0% used [0x00000000d5580000,0x00000000d5580000,0x00000000d6080000)
  from space 2048K, 62% used [0x00000000d6100000,0x00000000d62426c8,0x00000000d6300000)
  to   space 1536K, 0% used [0x00000000d6380000,0x00000000d6380000,0x00000000d6500000)
 ParOldGen       total 92672K, used 92591K [0x0000000080000000, 0x0000000085a80000, 0x00000000d5580000)
  object space 92672K, 99% used [0x0000000080000000,0x0000000085a6bc28,0x0000000085a80000)
 Metaspace       used 71624K, committed 73216K, reserved 1179648K
  class space    used 7465K, committed 8192K, reserved 1048576K
}
Event: 200.675 GC heap before
{Heap before GC invocations=79 (full 3):
 PSYoungGen      total 13312K, used 12553K [0x00000000d5580000, 0x00000000d6500000, 0x0000000100000000)
  eden space 11264K, 100% used [0x00000000d5580000,0x00000000d6080000,0x00000000d6080000)
  from space 2048K, 62% used [0x00000000d6100000,0x00000000d62426c8,0x00000000d6300000)
  to   space 1536K, 0% used [0x00000000d6380000,0x00000000d6380000,0x00000000d6500000)
 ParOldGen       total 92672K, used 92591K [0x0000000080000000, 0x0000000085a80000, 0x00000000d5580000)
  object space 92672K, 99% used [0x0000000080000000,0x0000000085a6bc28,0x0000000085a80000)
 Metaspace       used 71850K, committed 73536K, reserved 1179648K
  class space    used 7482K, committed 8256K, reserved 1048576K
}
Event: 200.678 GC heap after
{Heap after GC invocations=79 (full 3):
 PSYoungGen      total 11776K, used 1511K [0x00000000d5580000, 0x00000000d6880000, 0x0000000100000000)
  eden space 10240K, 0% used [0x00000000d5580000,0x00000000d5580000,0x00000000d5f80000)
  from space 1536K, 98% used [0x00000000d6380000,0x00000000d64f9d98,0x00000000d6500000)
  to   space 4096K, 0% used [0x00000000d5f80000,0x00000000d5f80000,0x00000000d6380000)
 ParOldGen       total 94720K, used 94598K [0x0000000080000000, 0x0000000085c80000, 0x00000000d5580000)
  object space 94720K, 99% used [0x0000000080000000,0x0000000085c618d0,0x0000000085c80000)
 Metaspace       used 71850K, committed 73536K, reserved 1179648K
  class space    used 7482K, committed 8256K, reserved 1048576K
}
Event: 201.012 GC heap before
{Heap before GC invocations=80 (full 3):
 PSYoungGen      total 11776K, used 11751K [0x00000000d5580000, 0x00000000d6880000, 0x0000000100000000)
  eden space 10240K, 100% used [0x00000000d5580000,0x00000000d5f80000,0x00000000d5f80000)
  from space 1536K, 98% used [0x00000000d6380000,0x00000000d64f9d98,0x00000000d6500000)
  to   space 4096K, 0% used [0x00000000d5f80000,0x00000000d5f80000,0x00000000d6380000)
 ParOldGen       total 94720K, used 94598K [0x0000000080000000, 0x0000000085c80000, 0x00000000d5580000)
  object space 94720K, 99% used [0x0000000080000000,0x0000000085c618d0,0x0000000085c80000)
 Metaspace       used 72717K, committed 74432K, reserved 1179648K
  class space    used 7605K, committed 8384K, reserved 1048576K
}
Event: 201.014 GC heap after
{Heap after GC invocations=80 (full 3):
 PSYoungGen      total 11776K, used 1408K [0x00000000d5580000, 0x00000000d6480000, 0x0000000100000000)
  eden space 10240K, 0% used [0x00000000d5580000,0x00000000d5580000,0x00000000d5f80000)
  from space 1536K, 91% used [0x00000000d5f80000,0x00000000d60e0000,0x00000000d6100000)
  to   space 2560K, 0% used [0x00000000d6200000,0x00000000d6200000,0x00000000d6480000)
 ParOldGen       total 96256K, used 96120K [0x0000000080000000, 0x0000000085e00000, 0x00000000d5580000)
  object space 96256K, 99% used [0x0000000080000000,0x0000000085dde058,0x0000000085e00000)
 Metaspace       used 72717K, committed 74432K, reserved 1179648K
  class space    used 7605K, committed 8384K, reserved 1048576K
}
Event: 209.915 GC heap before
{Heap before GC invocations=81 (full 3):
 PSYoungGen      total 11776K, used 11648K [0x00000000d5580000, 0x00000000d6480000, 0x0000000100000000)
  eden space 10240K, 100% used [0x00000000d5580000,0x00000000d5f80000,0x00000000d5f80000)
  from space 1536K, 91% used [0x00000000d5f80000,0x00000000d60e0000,0x00000000d6100000)
  to   space 2560K, 0% used [0x00000000d6200000,0x00000000d6200000,0x00000000d6480000)
 ParOldGen       total 96256K, used 96120K [0x0000000080000000, 0x0000000085e00000, 0x00000000d5580000)
  object space 96256K, 99% used [0x0000000080000000,0x0000000085dde058,0x0000000085e00000)
 Metaspace       used 72984K, committed 74688K, reserved 1179648K
  class space    used 7632K, committed 8384K, reserved 1048576K
}
Event: 209.918 GC heap after
{Heap after GC invocations=81 (full 3):
 PSYoungGen      total 10752K, used 416K [0x00000000d5580000, 0x00000000d6280000, 0x0000000100000000)
  eden space 10240K, 0% used [0x00000000d5580000,0x00000000d5580000,0x00000000d5f80000)
  from space 512K, 81% used [0x00000000d6200000,0x00000000d6268000,0x00000000d6280000)
  to   space 1024K, 0% used [0x00000000d6080000,0x00000000d6080000,0x00000000d6180000)
 ParOldGen       total 97792K, used 97414K [0x0000000080000000, 0x0000000085f80000, 0x00000000d5580000)
  object space 97792K, 99% used [0x0000000080000000,0x0000000085f21960,0x0000000085f80000)
 Metaspace       used 72984K, committed 74688K, reserved 1179648K
  class space    used 7632K, committed 8384K, reserved 1048576K
}
Event: 212.659 GC heap before
{Heap before GC invocations=82 (full 3):
 PSYoungGen      total 10752K, used 10656K [0x00000000d5580000, 0x00000000d6280000, 0x0000000100000000)
  eden space 10240K, 100% used [0x00000000d5580000,0x00000000d5f80000,0x00000000d5f80000)
  from space 512K, 81% used [0x00000000d6200000,0x00000000d6268000,0x00000000d6280000)
  to   space 1024K, 0% used [0x00000000d6080000,0x00000000d6080000,0x00000000d6180000)
 ParOldGen       total 97792K, used 97414K [0x0000000080000000, 0x0000000085f80000, 0x00000000d5580000)
  object space 97792K, 99% used [0x0000000080000000,0x0000000085f21960,0x0000000085f80000)
 Metaspace       used 73009K, committed 74688K, reserved 1179648K
  class space    used 7635K, committed 8384K, reserved 1048576K
}
Event: 212.661 GC heap after
{Heap after GC invocations=82 (full 3):
 PSYoungGen      total 11264K, used 1008K [0x00000000d5580000, 0x00000000d6480000, 0x0000000100000000)
  eden space 10240K, 0% used [0x00000000d5580000,0x00000000d5580000,0x00000000d5f80000)
  from space 1024K, 98% used [0x00000000d6080000,0x00000000d617c010,0x00000000d6180000)
  to   space 2560K, 0% used [0x00000000d6200000,0x00000000d6200000,0x00000000d6480000)
 ParOldGen       total 98816K, used 98378K [0x0000000080000000, 0x0000000086080000, 0x00000000d5580000)
  object space 98816K, 99% used [0x0000000080000000,0x0000000086012a70,0x0000000086080000)
 Metaspace       used 73009K, committed 74688K, reserved 1179648K
  class space    used 7635K, committed 8384K, reserved 1048576K
}
Event: 212.714 GC heap before
{Heap before GC invocations=83 (full 3):
 PSYoungGen      total 11264K, used 11248K [0x00000000d5580000, 0x00000000d6480000, 0x0000000100000000)
  eden space 10240K, 100% used [0x00000000d5580000,0x00000000d5f80000,0x00000000d5f80000)
  from space 1024K, 98% used [0x00000000d6080000,0x00000000d617c010,0x00000000d6180000)
  to   space 2560K, 0% used [0x00000000d6200000,0x00000000d6200000,0x00000000d6480000)
 ParOldGen       total 98816K, used 98378K [0x0000000080000000, 0x0000000086080000, 0x00000000d5580000)
  object space 98816K, 99% used [0x0000000080000000,0x0000000086012a70,0x0000000086080000)
 Metaspace       used 73012K, committed 74688K, reserved 1179648K
  class space    used 7635K, committed 8384K, reserved 1048576K
}
Event: 212.717 GC heap after
{Heap after GC invocations=83 (full 3):
 PSYoungGen      total 11264K, used 2539K [0x00000000d5580000, 0x00000000d6780000, 0x0000000100000000)
  eden space 8704K, 0% used [0x00000000d5580000,0x00000000d5580000,0x00000000d5e00000)
  from space 2560K, 99% used [0x00000000d6200000,0x00000000d647ae48,0x00000000d6480000)
  to   space 4096K, 0% used [0x00000000d5e00000,0x00000000d5e00000,0x00000000d6200000)
 ParOldGen       total 99840K, used 99569K [0x0000000080000000, 0x0000000086180000, 0x00000000d5580000)
  object space 99840K, 99% used [0x0000000080000000,0x000000008613c428,0x0000000086180000)
 Metaspace       used 73012K, committed 74688K, reserved 1179648K
  class space    used 7635K, committed 8384K, reserved 1048576K
}
Event: 222.661 GC heap before
{Heap before GC invocations=84 (full 3):
 PSYoungGen      total 11264K, used 11243K [0x00000000d5580000, 0x00000000d6780000, 0x0000000100000000)
  eden space 8704K, 100% used [0x00000000d5580000,0x00000000d5e00000,0x00000000d5e00000)
  from space 2560K, 99% used [0x00000000d6200000,0x00000000d647ae48,0x00000000d6480000)
  to   space 4096K, 0% used [0x00000000d5e00000,0x00000000d5e00000,0x00000000d6200000)
 ParOldGen       total 99840K, used 99569K [0x0000000080000000, 0x0000000086180000, 0x00000000d5580000)
  object space 99840K, 99% used [0x0000000080000000,0x000000008613c428,0x0000000086180000)
 Metaspace       used 73036K, committed 74688K, reserved 1179648K
  class space    used 7635K, committed 8384K, reserved 1048576K
}
Event: 222.663 GC heap after
{Heap after GC invocations=84 (full 3):
 PSYoungGen      total 10240K, used 1463K [0x00000000d5580000, 0x00000000d6300000, 0x0000000100000000)
  eden space 8704K, 0% used [0x00000000d5580000,0x00000000d5580000,0x00000000d5e00000)
  from space 1536K, 95% used [0x00000000d5e00000,0x00000000d5f6ddd0,0x00000000d5f80000)
  to   space 2560K, 0% used [0x00000000d6080000,0x00000000d6080000,0x00000000d6300000)
 ParOldGen       total 102400K, used 101949K [0x0000000080000000, 0x0000000086400000, 0x00000000d5580000)
  object space 102400K, 99% used [0x0000000080000000,0x000000008638f528,0x0000000086400000)
 Metaspace       used 73036K, committed 74688K, reserved 1179648K
  class space    used 7635K, committed 8384K, reserved 1048576K
}
Event: 222.701 GC heap before
{Heap before GC invocations=85 (full 3):
 PSYoungGen      total 10240K, used 10167K [0x00000000d5580000, 0x00000000d6300000, 0x0000000100000000)
  eden space 8704K, 100% used [0x00000000d5580000,0x00000000d5e00000,0x00000000d5e00000)
  from space 1536K, 95% used [0x00000000d5e00000,0x00000000d5f6ddd0,0x00000000d5f80000)
  to   space 2560K, 0% used [0x00000000d6080000,0x00000000d6080000,0x00000000d6300000)
 ParOldGen       total 102400K, used 101949K [0x0000000080000000, 0x0000000086400000, 0x00000000d5580000)
  object space 102400K, 99% used [0x0000000080000000,0x000000008638f528,0x0000000086400000)
 Metaspace       used 73056K, committed 74752K, reserved 1179648K
  class space    used 7635K, committed 8384K, reserved 1048576K
}
Event: 222.704 GC heap after
{Heap after GC invocations=85 (full 3):
 PSYoungGen      total 10240K, used 1264K [0x00000000d5580000, 0x00000000d6200000, 0x0000000100000000)
  eden space 8704K, 0% used [0x00000000d5580000,0x00000000d5580000,0x00000000d5e00000)
  from space 1536K, 82% used [0x00000000d6080000,0x00000000d61bc010,0x00000000d6200000)
  to   space 1536K, 0% used [0x00000000d5e00000,0x00000000d5e00000,0x00000000d5f80000)
 ParOldGen       total 102400K, used 102271K [0x0000000080000000, 0x0000000086400000, 0x00000000d5580000)
  object space 102400K, 99% used [0x0000000080000000,0x00000000863dfde8,0x0000000086400000)
 Metaspace       used 73056K, committed 74752K, reserved 1179648K
  class space    used 7635K, committed 8384K, reserved 1048576K
}
Event: 325.898 GC heap before
{Heap before GC invocations=86 (full 3):
 PSYoungGen      total 10240K, used 9963K [0x00000000d5580000, 0x00000000d6200000, 0x0000000100000000)
  eden space 8704K, 99% used [0x00000000d5580000,0x00000000d5dfedf0,0x00000000d5e00000)
  from space 1536K, 82% used [0x00000000d6080000,0x00000000d61bc010,0x00000000d6200000)
  to   space 1536K, 0% used [0x00000000d5e00000,0x00000000d5e00000,0x00000000d5f80000)
 ParOldGen       total 102400K, used 102271K [0x0000000080000000, 0x0000000086400000, 0x00000000d5580000)
  object space 102400K, 99% used [0x0000000080000000,0x00000000863dfde8,0x0000000086400000)
 Metaspace       used 73354K, committed 75008K, reserved 1179648K
  class space    used 7665K, committed 8448K, reserved 1048576K
}
Event: 325.916 GC heap after
{Heap after GC invocations=86 (full 3):
 PSYoungGen      total 10240K, used 288K [0x00000000d5580000, 0x00000000d6100000, 0x0000000100000000)
  eden space 8704K, 0% used [0x00000000d5580000,0x00000000d5580000,0x00000000d5e00000)
  from space 1536K, 18% used [0x00000000d5e00000,0x00000000d5e48000,0x00000000d5f80000)
  to   space 1024K, 0% used [0x00000000d6000000,0x00000000d6000000,0x00000000d6100000)
 ParOldGen       total 102400K, used 102303K [0x0000000080000000, 0x0000000086400000, 0x00000000d5580000)
  object space 102400K, 99% used [0x0000000080000000,0x00000000863e7de8,0x0000000086400000)
 Metaspace       used 73354K, committed 75008K, reserved 1179648K
  class space    used 7665K, committed 8448K, reserved 1048576K
}

Dll operation events (10 events):
Event: 0.114 Loaded shared library c:\Users\hp\.antigravity\extensions\redhat.java-1.53.0-win32-x64\jre\21.0.10-win32-x86_64\bin\java.dll
Event: 0.298 Loaded shared library c:\Users\hp\.antigravity\extensions\redhat.java-1.53.0-win32-x64\jre\21.0.10-win32-x86_64\bin\zip.dll
Event: 0.372 Loaded shared library C:\Users\hp\.antigravity\extensions\redhat.java-1.53.0-win32-x64\jre\21.0.10-win32-x86_64\bin\instrument.dll
Event: 0.387 Loaded shared library C:\Users\hp\.antigravity\extensions\redhat.java-1.53.0-win32-x64\jre\21.0.10-win32-x86_64\bin\net.dll
Event: 0.390 Loaded shared library C:\Users\hp\.antigravity\extensions\redhat.java-1.53.0-win32-x64\jre\21.0.10-win32-x86_64\bin\nio.dll
Event: 0.394 Loaded shared library C:\Users\hp\.antigravity\extensions\redhat.java-1.53.0-win32-x64\jre\21.0.10-win32-x86_64\bin\zip.dll
Event: 0.496 Loaded shared library C:\Users\hp\.antigravity\extensions\redhat.java-1.53.0-win32-x64\jre\21.0.10-win32-x86_64\bin\jimage.dll
Event: 0.814 Loaded shared library c:\Users\hp\.antigravity\extensions\redhat.java-1.53.0-win32-x64\jre\21.0.10-win32-x86_64\bin\verify.dll
Event: 4.964 Loaded shared library C:\Users\hp\AppData\Roaming\Antigravity\User\globalStorage\redhat.java\1.53.0\config_win\org.eclipse.equinox.launcher\org.eclipse.equinox.launcher.win32.win32.x86_64_1.3.0.v20260203-2149\eclipse_11919.dll
Event: 9.434 Loaded shared library C:\Users\hp\AppData\Local\Temp\jna-3336\jna10934533399824034249.dll

Deoptimization events (20 events):
Event: 325.917 Thread 0x00000227091ba3f0 Uncommon trap: trap_request=0xffffffc6 fr.pc=0x00000226b684a3b4 relative=0x0000000000002fd4
Event: 325.917 Thread 0x00000227091ba3f0 Uncommon trap: reason=bimorphic_or_optimized_type_check action=maybe_recompile pc=0x00000226b684a3b4 method=java.util.Properties.load0(Ljava/util/Properties$LineReader;)V @ 241 c2
Event: 325.917 Thread 0x00000227091ba3f0 DEOPT PACKING pc=0x00000226b684a3b4 sp=0x000000748bbff260
Event: 325.917 Thread 0x00000227091ba3f0 DEOPT UNPACKING pc=0x00000226b5a86da2 sp=0x000000748bbff250 mode 2
Event: 382.929 Thread 0x00000227099ad230 Uncommon trap: trap_request=0xffffffc6 fr.pc=0x00000226b691a5cc relative=0x00000000000001ec
Event: 382.930 Thread 0x00000227099ad230 Uncommon trap: reason=bimorphic_or_optimized_type_check action=maybe_recompile pc=0x00000226b691a5cc method=java.util.stream.ReduceOps$ReduceOp.evaluateSequential(Ljava/util/stream/PipelineHelper;Ljava/util/Spliterator;)Ljava/lang/Object; @ 2 c2
Event: 382.930 Thread 0x00000227099ad230 DEOPT PACKING pc=0x00000226b691a5cc sp=0x000000748d3fe4f0
Event: 382.931 Thread 0x00000227099ad230 DEOPT UNPACKING pc=0x00000226b5a86da2 sp=0x000000748d3fe470 mode 2
Event: 383.290 Thread 0x00000227099ad230 Uncommon trap: trap_request=0xffffffc6 fr.pc=0x00000226b6309e2c relative=0x000000000000044c
Event: 383.290 Thread 0x00000227099ad230 Uncommon trap: reason=bimorphic_or_optimized_type_check action=maybe_recompile pc=0x00000226b6309e2c method=java.util.HashMap.removeNode(ILjava/lang/Object;Ljava/lang/Object;ZZ)Ljava/util/HashMap$Node; @ 283 c2
Event: 383.290 Thread 0x00000227099ad230 DEOPT PACKING pc=0x00000226b6309e2c sp=0x000000748d3fe680
Event: 383.290 Thread 0x00000227099ad230 DEOPT UNPACKING pc=0x00000226b5a86da2 sp=0x000000748d3fe5f8 mode 2
Event: 4312.514 Thread 0x0000022709aedea0 Uncommon trap: trap_request=0xffffffc6 fr.pc=0x00000226b691a5cc relative=0x00000000000001ec
Event: 4312.518 Thread 0x0000022709aedea0 Uncommon trap: reason=bimorphic_or_optimized_type_check action=maybe_recompile pc=0x00000226b691a5cc method=java.util.stream.ReduceOps$ReduceOp.evaluateSequential(Ljava/util/stream/PipelineHelper;Ljava/util/Spliterator;)Ljava/lang/Object; @ 2 c2
Event: 4312.518 Thread 0x0000022709aedea0 DEOPT PACKING pc=0x00000226b691a5cc sp=0x0000007489afec20
Event: 4312.524 Thread 0x0000022709aedea0 DEOPT UNPACKING pc=0x00000226b5a86da2 sp=0x0000007489afeba0 mode 2
Event: 4313.643 Thread 0x0000022709aedea0 Uncommon trap: trap_request=0xffffffc6 fr.pc=0x00000226b6309e2c relative=0x000000000000044c
Event: 4313.643 Thread 0x0000022709aedea0 Uncommon trap: reason=bimorphic_or_optimized_type_check action=maybe_recompile pc=0x00000226b6309e2c method=java.util.HashMap.removeNode(ILjava/lang/Object;Ljava/lang/Object;ZZ)Ljava/util/HashMap$Node; @ 283 c2
Event: 4313.643 Thread 0x0000022709aedea0 DEOPT PACKING pc=0x00000226b6309e2c sp=0x0000007489afedb0
Event: 4313.644 Thread 0x0000022709aedea0 DEOPT UNPACKING pc=0x00000226b5a86da2 sp=0x0000007489afed28 mode 2

Classes loaded (20 events):
Event: 187.703 Loading class java/util/regex/Pattern$Bound
Event: 187.703 Loading class java/util/regex/Pattern$Bound done
Event: 197.502 Loading class jdk/internal/ref/CleanerImpl$InnocuousThreadFactory
Event: 197.504 Loading class jdk/internal/ref/CleanerImpl$InnocuousThreadFactory done
Event: 325.532 Loading class java/util/stream/Nodes$CollectorTask$OfRef
Event: 325.541 Loading class java/util/stream/Nodes$CollectorTask
Event: 325.550 Loading class java/util/stream/Nodes$CollectorTask done
Event: 325.551 Loading class java/util/stream/Nodes$CollectorTask$OfRef done
Event: 325.643 Loading class java/util/function/LongFunction
Event: 325.646 Loading class java/util/function/LongFunction done
Event: 325.650 Loading class java/util/stream/Nodes$ConcNode
Event: 325.652 Loading class java/util/stream/Nodes$AbstractConcNode
Event: 325.655 Loading class java/util/stream/Nodes$AbstractConcNode done
Event: 325.655 Loading class java/util/stream/Nodes$ConcNode done
Event: 325.793 Loading class java/io/ObjectOutputStream$BlockDataOutputStream
Event: 325.796 Loading class java/io/ObjectOutputStream$BlockDataOutputStream done
Event: 325.796 Loading class java/io/ObjectOutputStream$HandleTable
Event: 325.797 Loading class java/io/ObjectOutputStream$HandleTable done
Event: 325.797 Loading class java/io/ObjectOutputStream$ReplaceTable
Event: 325.797 Loading class java/io/ObjectOutputStream$ReplaceTable done

Classes unloaded (8 events):
Event: 10.819 Thread 0x00000226ab2714a0 Unloading class 0x00000226c31a3400 'java/lang/invoke/LambdaForm$MH+0x00000226c31a3400'
Event: 10.819 Thread 0x00000226ab2714a0 Unloading class 0x00000226c31a3000 'java/lang/invoke/LambdaForm$MH+0x00000226c31a3000'
Event: 10.819 Thread 0x00000226ab2714a0 Unloading class 0x00000226c31a2c00 'java/lang/invoke/LambdaForm$MH+0x00000226c31a2c00'
Event: 10.819 Thread 0x00000226ab2714a0 Unloading class 0x00000226c31a2800 'java/lang/invoke/LambdaForm$MH+0x00000226c31a2800'
Event: 10.819 Thread 0x00000226ab2714a0 Unloading class 0x00000226c31a2400 'java/lang/invoke/LambdaForm$BMH+0x00000226c31a2400'
Event: 10.819 Thread 0x00000226ab2714a0 Unloading class 0x00000226c31a2000 'java/lang/invoke/LambdaForm$DMH+0x00000226c31a2000'
Event: 10.819 Thread 0x00000226ab2714a0 Unloading class 0x00000226c31a0c00 'java/lang/invoke/LambdaForm$DMH+0x00000226c31a0c00'
Event: 27.404 Thread 0x00000226ab2714a0 Unloading class 0x00000226c36c8000 'java/lang/invoke/LambdaForm$MH+0x00000226c36c8000'

Classes redefined (0 events):
No events

Internal exceptions (20 events):
Event: 33.368 Thread 0x00000227099acba0 Exception <a 'sun/nio/fs/WindowsException'{0x00000000d5ef0880}> (0x00000000d5ef0880) 
thrown [s\src\hotspot\share\prims\jni.cpp, line 520]
Event: 33.368 Thread 0x00000227099acba0 Exception <a 'sun/nio/fs/WindowsException'{0x00000000d5ef13d0}> (0x00000000d5ef13d0) 
thrown [s\src\hotspot\share\prims\jni.cpp, line 520]
Event: 33.369 Thread 0x00000227099acba0 Exception <a 'sun/nio/fs/WindowsException'{0x00000000d5ef2118}> (0x00000000d5ef2118) 
thrown [s\src\hotspot\share\prims\jni.cpp, line 520]
Event: 33.369 Thread 0x00000227099acba0 Exception <a 'sun/nio/fs/WindowsException'{0x00000000d5ef29f8}> (0x00000000d5ef29f8) 
thrown [s\src\hotspot\share\prims\jni.cpp, line 520]
Event: 33.370 Thread 0x00000227099acba0 Exception <a 'sun/nio/fs/WindowsException'{0x00000000d5ef43c0}> (0x00000000d5ef43c0) 
thrown [s\src\hotspot\share\prims\jni.cpp, line 520]
Event: 33.370 Thread 0x00000227099acba0 Exception <a 'sun/nio/fs/WindowsException'{0x00000000d5ef4f10}> (0x00000000d5ef4f10) 
thrown [s\src\hotspot\share\prims\jni.cpp, line 520]
Event: 33.374 Thread 0x00000227099acba0 Exception <a 'sun/nio/fs/WindowsException'{0x00000000d5f123a0}> (0x00000000d5f123a0) 
thrown [s\src\hotspot\share\prims\jni.cpp, line 520]
Event: 33.374 Thread 0x00000227099acba0 Exception <a 'sun/nio/fs/WindowsException'{0x00000000d5f12c80}> (0x00000000d5f12c80) 
thrown [s\src\hotspot\share\prims\jni.cpp, line 520]
Event: 37.134 Thread 0x00000227099abe80 Exception <a 'java/lang/IncompatibleClassChangeError'{0x00000000d58dbb28}: Found class java.lang.Object, but interface was expected> (0x00000000d58dbb28) 
thrown [s\src\hotspot\share\interpreter\linkResolver.cpp, line 840]
Event: 67.486 Thread 0x00000227099abe80 Exception <a 'java/lang/IncompatibleClassChangeError'{0x00000000d64a6748}: Found class java.lang.Object, but interface was expected> (0x00000000d64a6748) 
thrown [s\src\hotspot\share\interpreter\linkResolver.cpp, line 840]
Event: 69.989 Thread 0x00000227099abe80 Exception <a 'java/lang/IncompatibleClassChangeError'{0x00000000d560c1d8}: Found class java.lang.Object, but interface was expected> (0x00000000d560c1d8) 
thrown [s\src\hotspot\share\interpreter\linkResolver.cpp, line 840]
Event: 187.659 Thread 0x00000227099adf50 Exception <a 'java/lang/NoSuchMethodError'{0x00000000d5a3f520}: 'int java.lang.invoke.DirectMethodHandle$Holder.invokeStaticInit(java.lang.Object, int)'> (0x00000000d5a3f520) 
thrown [s\src\hotspot\share\interpreter\linkResolver.cpp, line 773]
Event: 197.299 Thread 0x00000227099abe80 Exception <a 'java/lang/IncompatibleClassChangeError'{0x00000000d5cfa640}: Found class java.lang.Object, but interface was expected> (0x00000000d5cfa640) 
thrown [s\src\hotspot\share\interpreter\linkResolver.cpp, line 840]
Event: 197.307 Thread 0x00000227099adf50 Exception <a 'java/lang/NoSuchMethodError'{0x00000000d5d20a50}: 'java.lang.Object java.lang.invoke.DirectMethodHandle$Holder.invokeStatic(java.lang.Object, int, int, java.lang.Object)'> (0x00000000d5d20a50) 
thrown [s\src\hotspot\share\interpreter\linkResolver.cpp, line 773]
Event: 197.572 Thread 0x00000227099adf50 Exception <a 'java/lang/NoSuchMethodError'{0x00000000d5aaab80}: 'java.lang.Object java.lang.invoke.DirectMethodHandle$Holder.newInvokeSpecial(java.lang.Object, java.lang.Object, int, java.lang.Object, java.lang.Object, java.lang.Object, java.lang.Object)'> (0x00000000d5aaab80) 
thrown [s\src\hotspot\share\interpreter\linkResolver.cpp, line 773]
Event: 325.763 Thread 0x00000227091ba3f0 Exception <a 'sun/nio/fs/WindowsException'{0x00000000d5d3f598}> (0x00000000d5d3f598) 
thrown [s\src\hotspot\share\prims\jni.cpp, line 520]
Event: 325.765 Thread 0x00000227091ba3f0 Exception <a 'sun/nio/fs/WindowsException'{0x00000000d5d3fe78}> (0x00000000d5d3fe78) 
thrown [s\src\hotspot\share\prims\jni.cpp, line 520]
Event: 325.771 Thread 0x00000227091ba3f0 Implicit null exception at 0x00000226b67f6b8d to 0x00000226b67f6f00
Event: 325.850 Thread 0x00000227091ba3f0 Exception <a 'java/lang/NoSuchMethodError'{0x00000000d5db5b58}: static [J.<clinit>()V> (0x00000000d5db5b58) 
thrown [s\src\hotspot\share\prims\jni.cpp, line 1111]
Event: 325.879 Thread 0x00000227091ba3f0 Exception <a 'java/lang/NoSuchMethodError'{0x00000000d5de4cb0}: 'java.lang.Object java.lang.invoke.DirectMethodHandle$Holder.newInvokeSpecial(java.lang.Object, java.lang.Object, java.lang.Object, java.lang.Object, java.lang.Object, java.lang.Object, java.lang.Object, java.lang.Object)'> (0x00000000d5de4cb0) 
thrown [s\src\hotspot\share\interpreter\linkResolver.cpp, line 773]

ZGC Phase Switch (0 events):
No events

VM Operations (20 events):
Event: 4715.670 Executing non-safepoint VM operation: HandshakeAllThreads (HandshakeForDeflation)
Event: 4715.674 Executing non-safepoint VM operation: HandshakeAllThreads (HandshakeForDeflation) done
Event: 4715.674 Executing non-safepoint VM operation: RendezvousGCThreads
Event: 4715.674 Executing non-safepoint VM operation: RendezvousGCThreads done
Event: 4775.895 Executing non-safepoint VM operation: HandshakeAllThreads (HandshakeForDeflation)
Event: 4775.908 Executing non-safepoint VM operation: HandshakeAllThreads (HandshakeForDeflation) done
Event: 4775.909 Executing non-safepoint VM operation: RendezvousGCThreads
Event: 4775.909 Executing non-safepoint VM operation: RendezvousGCThreads done
Event: 4835.934 Executing non-safepoint VM operation: HandshakeAllThreads (HandshakeForDeflation)
Event: 4835.948 Executing non-safepoint VM operation: HandshakeAllThreads (HandshakeForDeflation) done
Event: 4835.949 Executing non-safepoint VM operation: RendezvousGCThreads
Event: 4835.950 Executing non-safepoint VM operation: RendezvousGCThreads done
Event: 4896.039 Executing non-safepoint VM operation: HandshakeAllThreads (HandshakeForDeflation)
Event: 4896.054 Executing non-safepoint VM operation: HandshakeAllThreads (HandshakeForDeflation) done
Event: 4896.063 Executing non-safepoint VM operation: RendezvousGCThreads
Event: 4896.064 Executing non-safepoint VM operation: RendezvousGCThreads done
Event: 4956.523 Executing non-safepoint VM operation: HandshakeAllThreads (HandshakeForDeflation)
Event: 4957.047 Executing non-safepoint VM operation: HandshakeAllThreads (HandshakeForDeflation) done
Event: 4957.054 Executing non-safepoint VM operation: RendezvousGCThreads
Event: 4957.054 Executing non-safepoint VM operation: RendezvousGCThreads done

Memory protections (0 events):
No events

Nmethod flushes (20 events):
Event: 27.431 Thread 0x00000226ab2714a0 flushing  nmethod 0x00000226aee00190
Event: 27.431 Thread 0x00000226ab2714a0 flushing  nmethod 0x00000226aee01190
Event: 27.431 Thread 0x00000226ab2714a0 flushing  nmethod 0x00000226aee08410
Event: 27.431 Thread 0x00000226ab2714a0 flushing osr nmethod 0x00000226aee0cf90
Event: 27.431 Thread 0x00000226ab2714a0 flushing  nmethod 0x00000226aee5be90
Event: 27.431 Thread 0x00000226ab2714a0 flushing  nmethod 0x00000226aee5d290
Event: 27.431 Thread 0x00000226ab2714a0 flushing  nmethod 0x00000226aee60210
Event: 27.431 Thread 0x00000226ab2714a0 flushing  nmethod 0x00000226aee60910
Event: 27.431 Thread 0x00000226ab2714a0 flushing  nmethod 0x00000226aee61c90
Event: 27.431 Thread 0x00000226ab2714a0 flushing  nmethod 0x00000226aee62510
Event: 27.431 Thread 0x00000226ab2714a0 flushing  nmethod 0x00000226aee62890
Event: 27.431 Thread 0x00000226ab2714a0 flushing  nmethod 0x00000226aee64990
Event: 27.431 Thread 0x00000226ab2714a0 flushing  nmethod 0x00000226aee67c10
Event: 27.431 Thread 0x00000226ab2714a0 flushing  nmethod 0x00000226aee6cd10
Event: 27.431 Thread 0x00000226ab2714a0 flushing  nmethod 0x00000226aee6fe10
Event: 27.431 Thread 0x00000226ab2714a0 flushing  nmethod 0x00000226aee8b710
Event: 27.431 Thread 0x00000226ab2714a0 flushing  nmethod 0x00000226aee91a10
Event: 27.431 Thread 0x00000226ab2714a0 flushing  nmethod 0x00000226aeece910
Event: 27.431 Thread 0x00000226ab2714a0 flushing  nmethod 0x00000226aeed2110
Event: 27.431 Thread 0x00000226ab2714a0 flushing  nmethod 0x00000226aeeecb90

Events (20 events):
Event: 328.795 Thread 0x000002270a49e3c0 Thread exited: 0x000002270a49e3c0
Event: 328.827 Thread 0x0000022709e16670 Thread exited: 0x0000022709e16670
Event: 328.843 Thread 0x0000022709e14c30 Thread exited: 0x0000022709e14c30
Event: 329.122 Thread 0x0000022709e152c0 Thread exited: 0x0000022709e152c0
Event: 329.211 Thread 0x0000022709e16d00 Thread exited: 0x0000022709e16d00
Event: 343.537 Thread 0x00000227099adf50 Thread exited: 0x00000227099adf50
Event: 386.112 Thread 0x000002270a49a8b0 Thread exited: 0x000002270a49a8b0
Event: 446.123 Thread 0x000002270a499b90 Thread exited: 0x000002270a499b90
Event: 479.473 Thread 0x00000227099acba0 Thread exited: 0x00000227099acba0
Event: 506.129 Thread 0x000002270a49a220 Thread exited: 0x000002270a49a220
Event: 539.189 Thread 0x00000227099ad230 Thread exited: 0x00000227099ad230
Event: 599.236 Thread 0x000002270a498150 Thread exited: 0x000002270a498150
Event: 659.235 Thread 0x000002270a49b5d0 Thread exited: 0x000002270a49b5d0
Event: 719.245 Thread 0x0000022709aedea0 Thread exited: 0x0000022709aedea0
Event: 4302.807 Thread 0x00000227099abe80 Thread added: 0x0000022709aedea0
Event: 4309.907 Thread 0x00000227099abe80 Thread added: 0x0000022709aee530
Event: 4310.022 Thread 0x0000022709aedea0 Thread added: 0x0000022709aef250
Event: 4373.835 Thread 0x0000022709aedea0 Thread exited: 0x0000022709aedea0
Event: 4433.852 Thread 0x0000022709aee530 Thread exited: 0x0000022709aee530
Event: 4493.848 Thread 0x0000022709aef250 Thread exited: 0x0000022709aef250


Dynamic libraries:
0x00007ff7be2a0000 - 0x00007ff7be2ae000 	c:\Users\hp\.antigravity\extensions\redhat.java-1.53.0-win32-x64\jre\21.0.10-win32-x86_64\bin\java.exe
0x00007ffbf60c0000 - 0x00007ffbf6327000 	C:\WINDOWS\SYSTEM32\ntdll.dll
0x00007ffbf4f50000 - 0x00007ffbf5019000 	C:\WINDOWS\System32\KERNEL32.DLL
0x00007ffbf31c0000 - 0x00007ffbf35b1000 	C:\WINDOWS\System32\KERNELBASE.dll
0x00007ffbf2c40000 - 0x00007ffbf2d8b000 	C:\WINDOWS\System32\ucrtbase.dll
0x00007ffbdb940000 - 0x00007ffbdb958000 	c:\Users\hp\.antigravity\extensions\redhat.java-1.53.0-win32-x64\jre\21.0.10-win32-x86_64\bin\jli.dll
0x00007ffbd25e0000 - 0x00007ffbd25fe000 	c:\Users\hp\.antigravity\extensions\redhat.java-1.53.0-win32-x64\jre\21.0.10-win32-x86_64\bin\VCRUNTIME140.dll
0x00007ffbf51a0000 - 0x00007ffbf5365000 	C:\WINDOWS\System32\USER32.dll
0x00007ffbf2970000 - 0x00007ffbf2997000 	C:\WINDOWS\System32\win32u.dll
0x00007ffbd6120000 - 0x00007ffbd63b3000 	C:\WINDOWS\WinSxS\amd64_microsoft.windows.common-controls_6595b64144ccf1df_6.0.26100.8037_none_3e092faae333b53b\COMCTL32.dll
0x00007ffbf4870000 - 0x00007ffbf489b000 	C:\WINDOWS\System32\GDI32.dll
0x00007ffbf54a0000 - 0x00007ffbf5549000 	C:\WINDOWS\System32\msvcrt.dll
0x00007ffbf2b10000 - 0x00007ffbf2c3b000 	C:\WINDOWS\System32\gdi32full.dll
0x00007ffbf2e20000 - 0x00007ffbf2ec3000 	C:\WINDOWS\System32\msvcp_win.dll
0x00007ffbf5700000 - 0x00007ffbf5731000 	C:\WINDOWS\System32\IMM32.DLL
0x00007ffbd34b0000 - 0x00007ffbd34bc000 	c:\Users\hp\.antigravity\extensions\redhat.java-1.53.0-win32-x64\jre\21.0.10-win32-x86_64\bin\vcruntime140_1.dll
0x00007ffba58b0000 - 0x00007ffba593d000 	c:\Users\hp\.antigravity\extensions\redhat.java-1.53.0-win32-x64\jre\21.0.10-win32-x86_64\bin\msvcp140.dll
0x00007ffb3b810000 - 0x00007ffb3c5b1000 	c:\Users\hp\.antigravity\extensions\redhat.java-1.53.0-win32-x64\jre\21.0.10-win32-x86_64\bin\server\jvm.dll
0x00007ffbf53e0000 - 0x00007ffbf549b000 	C:\WINDOWS\System32\ADVAPI32.dll
0x00007ffbf41e0000 - 0x00007ffbf4287000 	C:\WINDOWS\System32\sechost.dll
0x00007ffbf43c0000 - 0x00007ffbf44d8000 	C:\WINDOWS\System32\RPCRT4.dll
0x00007ffbf5680000 - 0x00007ffbf56f4000 	C:\WINDOWS\System32\WS2_32.dll
0x00007ffbf27d0000 - 0x00007ffbf282e000 	C:\WINDOWS\SYSTEM32\POWRPROF.dll
0x00007ffbeab10000 - 0x00007ffbeab45000 	C:\WINDOWS\SYSTEM32\WINMM.dll
0x00007ffbea090000 - 0x00007ffbea09b000 	C:\WINDOWS\SYSTEM32\VERSION.dll
0x00007ffbf27b0000 - 0x00007ffbf27c4000 	C:\WINDOWS\SYSTEM32\UMPDC.dll
0x00007ffbf1700000 - 0x00007ffbf171b000 	C:\WINDOWS\SYSTEM32\kernel.appcore.dll
0x00007ffbd2c20000 - 0x00007ffbd2c2a000 	c:\Users\hp\.antigravity\extensions\redhat.java-1.53.0-win32-x64\jre\21.0.10-win32-x86_64\bin\jimage.dll
0x00007ffbf05c0000 - 0x00007ffbf0802000 	C:\WINDOWS\SYSTEM32\DBGHELP.DLL
0x00007ffbf44e0000 - 0x00007ffbf4862000 	C:\WINDOWS\System32\combase.dll
0x00007ffbf42e0000 - 0x00007ffbf43b7000 	C:\WINDOWS\System32\OLEAUT32.dll
0x00007ffbce890000 - 0x00007ffbce8cb000 	C:\WINDOWS\SYSTEM32\dbgcore.DLL
0x00007ffbf2f90000 - 0x00007ffbf3035000 	C:\WINDOWS\System32\bcryptPrimitives.dll
0x00007ffbd2b00000 - 0x00007ffbd2b0f000 	c:\Users\hp\.antigravity\extensions\redhat.java-1.53.0-win32-x64\jre\21.0.10-win32-x86_64\bin\instrument.dll
0x00007ffbcf9e0000 - 0x00007ffbcfa00000 	c:\Users\hp\.antigravity\extensions\redhat.java-1.53.0-win32-x64\jre\21.0.10-win32-x86_64\bin\java.dll
0x00007ffbf5740000 - 0x00007ffbf5e9f000 	C:\WINDOWS\System32\SHELL32.dll
0x00007ffbf29a0000 - 0x00007ffbf2b0a000 	C:\WINDOWS\System32\wintypes.dll
0x00007ffbf35c0000 - 0x00007ffbf3e24000 	C:\WINDOWS\System32\windows.storage.dll
0x00007ffbf50a0000 - 0x00007ffbf5197000 	C:\WINDOWS\System32\SHCORE.dll
0x00007ffbf5370000 - 0x00007ffbf53d7000 	C:\WINDOWS\System32\shlwapi.dll
0x00007ffbf2890000 - 0x00007ffbf28b9000 	C:\WINDOWS\SYSTEM32\profapi.dll
0x00007ffbc2730000 - 0x00007ffbc2748000 	c:\Users\hp\.antigravity\extensions\redhat.java-1.53.0-win32-x64\jre\21.0.10-win32-x86_64\bin\zip.dll
0x00007ffbd2540000 - 0x00007ffbd2550000 	C:\Users\hp\.antigravity\extensions\redhat.java-1.53.0-win32-x64\jre\21.0.10-win32-x86_64\bin\net.dll
0x00007ffbe5160000 - 0x00007ffbe5287000 	C:\WINDOWS\SYSTEM32\WINHTTP.dll
0x00007ffbf1c70000 - 0x00007ffbf1cdb000 	C:\WINDOWS\system32\mswsock.dll
0x00007ffbc20e0000 - 0x00007ffbc20f6000 	C:\Users\hp\.antigravity\extensions\redhat.java-1.53.0-win32-x64\jre\21.0.10-win32-x86_64\bin\nio.dll
0x00007ffbd2280000 - 0x00007ffbd2290000 	c:\Users\hp\.antigravity\extensions\redhat.java-1.53.0-win32-x64\jre\21.0.10-win32-x86_64\bin\verify.dll
0x00007ffb7b9b0000 - 0x00007ffb7b9f5000 	C:\Users\hp\AppData\Roaming\Antigravity\User\globalStorage\redhat.java\1.53.0\config_win\org.eclipse.equinox.launcher\org.eclipse.equinox.launcher.win32.win32.x86_64_1.3.0.v20260203-2149\eclipse_11919.dll
0x00007ffbf5eb0000 - 0x00007ffbf6045000 	C:\WINDOWS\System32\ole32.dll
0x00007ffbf1f50000 - 0x00007ffbf1f6b000 	C:\WINDOWS\SYSTEM32\CRYPTSP.dll
0x00007ffbf1660000 - 0x00007ffbf1699000 	C:\WINDOWS\system32\rsaenh.dll
0x00007ffbf1d20000 - 0x00007ffbf1d52000 	C:\WINDOWS\SYSTEM32\USERENV.dll
0x00007ffbf2860000 - 0x00007ffbf288a000 	C:\WINDOWS\SYSTEM32\bcrypt.dll
0x00007ffbf1f70000 - 0x00007ffbf1f7c000 	C:\WINDOWS\SYSTEM32\CRYPTBASE.dll
0x00007ffbf1120000 - 0x00007ffbf1153000 	C:\WINDOWS\SYSTEM32\IPHLPAPI.DLL
0x00007ffbf55e0000 - 0x00007ffbf55ea000 	C:\WINDOWS\System32\NSI.dll
0x00007ffba15f0000 - 0x00007ffba1639000 	C:\Users\hp\AppData\Local\Temp\jna-3336\jna10934533399824034249.dll
0x00007ffbf41d0000 - 0x00007ffbf41d8000 	C:\WINDOWS\System32\PSAPI.DLL
0x00007ffbeaa50000 - 0x00007ffbeaa6d000 	C:\WINDOWS\SYSTEM32\dhcpcsvc6.DLL
0x00007ffbea8b0000 - 0x00007ffbea8d3000 	C:\WINDOWS\SYSTEM32\dhcpcsvc.DLL

JVMTI agents:
c:\Users\hp\.antigravity\extensions\redhat.java-1.53.0-win32-x64\lombok\lombok-1.18.39-4050.jar path:c:\Users\hp\.antigravity\extensions\redhat.java-1.53.0-win32-x64\jre\21.0.10-win32-x86_64\bin\instrument.dll, loaded, initialized, instrumentlib options:none

dbghelp: loaded successfully - version: 4.0.5 - missing functions: none
symbol engine: initialized successfully - sym options: 0x614 - pdb path: .;c:\Users\hp\.antigravity\extensions\redhat.java-1.53.0-win32-x64\jre\21.0.10-win32-x86_64\bin;C:\WINDOWS\SYSTEM32;C:\WINDOWS\WinSxS\amd64_microsoft.windows.common-controls_6595b64144ccf1df_6.0.26100.8037_none_3e092faae333b53b;c:\Users\hp\.antigravity\extensions\redhat.java-1.53.0-win32-x64\jre\21.0.10-win32-x86_64\bin\server;C:\Users\hp\AppData\Roaming\Antigravity\User\globalStorage\redhat.java\1.53.0\config_win\org.eclipse.equinox.launcher\org.eclipse.equinox.launcher.win32.win32.x86_64_1.3.0.v20260203-2149;C:\Users\hp\AppData\Local\Temp\jna-3336

VM Arguments:
jvm_args: --add-modules=ALL-SYSTEM --add-opens=java.base/java.util=ALL-UNNAMED --add-opens=java.base/java.lang=ALL-UNNAMED --add-opens=java.base/sun.nio.fs=ALL-UNNAMED -Declipse.application=org.eclipse.jdt.ls.core.id1 -Dosgi.bundles.defaultStartLevel=4 -Declipse.product=org.eclipse.jdt.ls.core.product -Djava.import.generatesMetadataFilesAtProjectRoot=false -DDetectVMInstallationsJob.disabled=true -Dfile.encoding=utf8 -XX:+UseParallelGC -XX:GCTimeRatio=4 -XX:AdaptiveSizePolicyWeight=90 -Dsun.zip.disableMemoryMapping=true -Xmx2G -Xms100m -Xlog:disable -javaagent:c:\Users\hp\.antigravity\extensions\redhat.java-1.53.0-win32-x64\lombok\lombok-1.18.39-4050.jar -XX:+HeapDumpOnOutOfMemoryError -XX:HeapDumpPath=c:\Users\hp\AppData\Roaming\Antigravity\User\workspaceStorage\82880912f25d1fef4597118d04f83376\redhat.java -Daether.dependencyCollector.impl=bf 
java_command: c:\Users\hp\.antigravity\extensions\redhat.java-1.53.0-win32-x64\server\plugins\org.eclipse.equinox.launcher_1.7.100.v20251111-0406.jar -configuration c:\Users\hp\AppData\Roaming\Antigravity\User\globalStorage\redhat.java\1.53.0\config_win -data c:\Users\hp\AppData\Roaming\Antigravity\User\workspaceStorage\82880912f25d1fef4597118d04f83376\redhat.java\jdt_ws --pipe=\\.\pipe\lsp-706534518e20aabfe3eac03233161767-sock
java_class_path (initial): c:\Users\hp\.antigravity\extensions\redhat.java-1.53.0-win32-x64\server\plugins\org.eclipse.equinox.launcher_1.7.100.v20251111-0406.jar
Launcher Type: SUN_STANDARD

[Global flags]
    uintx AdaptiveSizePolicyWeight                 = 90                                        {product} {command line}
     intx CICompilerCount                          = 4                                         {product} {ergonomic}
    uintx GCTimeRatio                              = 4                                         {product} {command line}
     bool HeapDumpOnOutOfMemoryError               = true                                   {manageable} {command line}
    ccstr HeapDumpPath                             = c:\Users\hp\AppData\Roaming\Antigravity\User\workspaceStorage\82880912f25d1fef4597118d04f83376\redhat.java         {manageable} {command line}
   size_t InitialHeapSize                          = 104857600                                 {product} {command line}
   size_t MaxHeapSize                              = 2147483648                                {product} {command line}
   size_t MaxNewSize                               = 715653120                                 {product} {ergonomic}
   size_t MinHeapDeltaBytes                        = 524288                                    {product} {ergonomic}
   size_t MinHeapSize                              = 104857600                                 {product} {command line}
   size_t NewSize                                  = 34603008                                  {product} {ergonomic}
    uintx NonNMethodCodeHeapSize                   = 5839372                                {pd product} {ergonomic}
    uintx NonProfiledCodeHeapSize                  = 122909434                              {pd product} {ergonomic}
   size_t OldSize                                  = 70254592                                  {product} {ergonomic}
    uintx ProfiledCodeHeapSize                     = 122909434                              {pd product} {ergonomic}
    uintx ReservedCodeCacheSize                    = 251658240                              {pd product} {ergonomic}
     bool SegmentedCodeCache                       = true                                      {product} {ergonomic}
   size_t SoftMaxHeapSize                          = 2147483648                             {manageable} {ergonomic}
     bool UseCompressedOops                        = true                           {product lp64_product} {ergonomic}
     bool UseLargePagesIndividualAllocation        = false                                  {pd product} {ergonomic}
     bool UseParallelGC                            = true                                      {product} {command line}

Logging:
Log output configuration:
 #0: stdout all=off uptime,level,tags foldmultilines=false
 #1: stderr all=off uptime,level,tags foldmultilines=false

Release file:
JAVA_VERSION="21.0.10" 
MODULES="java.base java.compiler java.datatransfer java.xml java.prefs java.desktop java.instrument java.logging java.management java.security.sasl java.naming java.rmi java.management.rmi java.net.http java.scripting java.security.jgss java.transaction.xa java.sql java.sql.rowset java.xml.crypto java.se java.smartcardio jdk.accessibility jdk.internal.jvmstat jdk.attach jdk.charsets jdk.internal.opt jdk.zipfs jdk.compiler jdk.crypto.ec jdk.crypto.cryptoki jdk.crypto.mscapi jdk.dynalink jdk.internal.ed jdk.editpad jdk.hotspot.agent jdk.httpserver jdk.internal.le jdk.internal.vm.ci jdk.internal.vm.compiler jdk.internal.vm.compiler.management jdk.jartool jdk.javadoc jdk.jcmd jdk.management jdk.management.agent jdk.jconsole jdk.jdeps jdk.jdwp.agent jdk.jdi jdk.jfr jdk.jshell jdk.jsobject jdk.jstatd jdk.localedata jdk.management.jfr jdk.naming.dns jdk.naming.rmi jdk.net jdk.nio.mapmode jdk.random jdk.sctp jdk.security.auth jdk.security.jgss jdk.unsupported jdk.unsupported.desktop jdk.xml.dom" 

Environment Variables:
JAVA_HOME=C:\Program Files\Java\jdk-21.0.10
PATH=C:\Program Files\Java\jdk-21.0.10\bin;C:\Program Files\Python311\Scripts\;C:\Program Files\Python311\;C:\windows\system32;C:\windows;C:\windows\System32\Wbem;C:\windows\System32\WindowsPowerShell\v1.0\;C:\windows\System32\OpenSSH\;C:\Program Files\HP\HP One Agent;C:\Program Files\nodejs\;C:\ProgramData\chocolatey\bin;C:\WINDOWS\system32;C:\WINDOWS;C:\WINDOWS\System32\Wbem;C:\WINDOWS\System32\WindowsPowerShell\v1.0\;C:\WINDOWS\System32\OpenSSH\;C:\Program Files\Git\cmd;C:\Program Files\GitHub CLI\;C:\Users\hp\Downloads\apache-maven-3.9.12\bin;C:\Program Files\MySQL\MySQL Shell 8.0\bin\;C:\Users\hp\AppData\Local\Microsoft\WindowsApps;C:\VSCode\Microsoft VS Code\bin;C:\Users\hp\AppData\Roaming\npm;C:\Program Files\JetBrains\IntelliJ IDEA 2025.2.5\bin;C:\Users\hp\AppData\Local\Programs\Antigravity\bin;C:\Users\hp\Downloads\apache-maven-3.9.12\bin;C:\Program Files\\Elastic\Beats\9.3.2\filebeat
USERNAME=hp
OS=Windows_NT
PROCESSOR_IDENTIFIER=Intel64 Family 6 Model 140 Stepping 2, GenuineIntel
TMP=C:\Users\hp\AppData\Local\Temp
TEMP=C:\Users\hp\AppData\Local\Temp




Periodic native trim disabled

---------------  S Y S T E M  ---------------

OS:
 Windows 11 , 64 bit Build 26100 (10.0.26100.7920)
OS uptime: 0 days 8:37 hours
Hyper-V role detected

CPU: total 8 (initial active 8) (4 cores per cpu, 2 threads per core) family 6 model 140 stepping 2 microcode 0x34, cx8, cmov, fxsr, ht, mmx, 3dnowpref, sse, sse2, sse3, ssse3, sse4.1, sse4.2, popcnt, lzcnt, tsc, tscinvbit, avx, avx2, aes, erms, clmul, bmi1, bmi2, adx, avx512f, avx512dq, avx512cd, avx512bw, avx512vl, sha, fma, vzeroupper, avx512_vpopcntdq, avx512_vpclmulqdq, avx512_vaes, avx512_vnni, clflush, clflushopt, clwb, avx512_vbmi2, avx512_vbmi, hv, rdtscp, rdpid, fsrm, gfni, avx512_bitalg, f16c, cet_ibt, cet_ss, avx512_ifma
Processor Information for processor 0
  Max Mhz: 2496, Current Mhz: 998, Mhz Limit: 2496
Processor Information for processor 1
  Max Mhz: 2496, Current Mhz: 998, Mhz Limit: 2496
Processor Information for processor 2
  Max Mhz: 2496, Current Mhz: 2496, Mhz Limit: 2496
Processor Information for processor 3
  Max Mhz: 2496, Current Mhz: 998, Mhz Limit: 2496
Processor Information for processor 4
  Max Mhz: 2496, Current Mhz: 998, Mhz Limit: 2496
Processor Information for processor 5
  Max Mhz: 2496, Current Mhz: 2496, Mhz Limit: 2496
Processor Information for processor 6
  Max Mhz: 2496, Current Mhz: 2496, Mhz Limit: 2496
Processor Information for processor 7
  Max Mhz: 2496, Current Mhz: 2496, Mhz Limit: 2496

Memory: 4k page, system-wide physical 7835M (11M free)
TotalPageFile size 31387M (AvailPageFile size 24M)
current process WorkingSet (physical memory assigned to process): 8M, peak: 344M
current process commit charge ("private bytes"): 428M, peak: 437M

vm_info: OpenJDK 64-Bit Server VM (21.0.10+7-LTS) for windows-amd64 JRE (21.0.10+7-LTS), built on 2026-01-20T00:00:00Z by "admin" with MS VC++ 17.12 (VS2022)

END.
